<?php return array (
  0 => 'Symfony\\Bundle\\FrameworkBundle\\Controller\\AbstractController',
  1 => 'App\\Controller\\AdminAccountController',
  2 => 'App\\Controller\\AdminDashboardController',
  3 => 'App\\Controller\\AdminParameterController',
  4 => 'App\\Controller\\AdminUserController',
  5 => 'App\\Controller\\BackController',
  6 => 'App\\Controller\\CategorieController',
  7 => 'App\\Controller\\EvenementController',
  8 => 'App\\Controller\\FrontController',
  9 => 'App\\Controller\\HomeController',
  10 => 'App\\Controller\\MedicamentController',
  11 => 'App\\Controller\\PaymentController',
  12 => 'App\\Controller\\PdfGeneratorController',
  13 => 'App\\Controller\\PharmacieController',
  14 => 'App\\Controller\\ReclamationController',
  15 => 'App\\Controller\\RegistrationController',
  16 => 'App\\Controller\\RegistrationController1',
  17 => 'App\\Controller\\ResetPasswordController',
  18 => 'App\\Controller\\SecurityController',
  19 => 'App\\Controller\\SecurityController1',
  20 => 'App\\Entity\\Categorie',
  21 => 'App\\Entity\\DoctrineMigrationVersions',
  22 => 'App\\Entity\\Evenement',
  23 => 'App\\Entity\\Medicament',
  24 => 'App\\Entity\\MessengerMessages',
  25 => 'App\\Entity\\Pharmacie',
  26 => 'App\\Entity\\User',
  27 => 'Doctrine\\Bundle\\DoctrineBundle\\Controller\\ProfilerController',
  28 => 'Doctrine\\ORM\\Cache\\Persister\\Entity\\AbstractEntityPersister',
  29 => 'Doctrine\\ORM\\Cache\\Persister\\Entity\\CachedEntityPersister',
  30 => 'Doctrine\\ORM\\Cache\\Persister\\Entity\\NonStrictReadWriteCachedEntityPersister',
  31 => 'Doctrine\\ORM\\Cache\\Persister\\Entity\\ReadOnlyCachedEntityPersister',
  32 => 'Doctrine\\ORM\\Cache\\Persister\\Entity\\ReadWriteCachedEntityPersister',
  33 => 'Doctrine\\ORM\\Persisters\\Entity\\AbstractEntityInheritancePersister',
  34 => 'Doctrine\\ORM\\Persisters\\Entity\\BasicEntityPersister',
  35 => 'Doctrine\\ORM\\Persisters\\Entity\\CachedPersisterContext',
  36 => 'Doctrine\\ORM\\Persisters\\Entity\\EntityPersister',
  37 => 'Doctrine\\ORM\\Persisters\\Entity\\JoinedSubclassPersister',
  38 => 'Doctrine\\ORM\\Persisters\\Entity\\SingleTablePersister',
  39 => 'Endroid\\QrCodeBundle\\Controller\\GenerateController',
  40 => 'Gregwar\\CaptchaBundle\\Controller\\CaptchaController',
  41 => 'SymfonyCasts\\Bundle\\ResetPassword\\Controller\\ResetPasswordControllerTrait',
  43 => 'Symfony\\Bundle\\FrameworkBundle\\Controller\\ControllerResolver',
  44 => 'Symfony\\Bundle\\FrameworkBundle\\Controller\\RedirectController',
  45 => 'Symfony\\Bundle\\FrameworkBundle\\Controller\\TemplateController',
  46 => 'Symfony\\Bundle\\WebProfilerBundle\\Controller\\ExceptionPanelController',
  47 => 'Symfony\\Bundle\\WebProfilerBundle\\Controller\\ProfilerController',
  48 => 'Symfony\\Bundle\\WebProfilerBundle\\Controller\\RouterController',
  49 => 'Symfony\\Component\\HttpKernel\\Controller\\ArgumentResolver',
  50 => 'Symfony\\Component\\HttpKernel\\Controller\\ArgumentResolverInterface',
  51 => 'Symfony\\Component\\HttpKernel\\Controller\\ArgumentResolver\\DefaultValueResolver',
  52 => 'Symfony\\Component\\HttpKernel\\Controller\\ArgumentResolver\\NotTaggedControllerValueResolver',
  53 => 'Symfony\\Component\\HttpKernel\\Controller\\ArgumentResolver\\RequestAttributeValueResolver',
  54 => 'Symfony\\Component\\HttpKernel\\Controller\\ArgumentResolver\\RequestValueResolver',
  55 => 'Symfony\\Component\\HttpKernel\\Controller\\ArgumentResolver\\ServiceValueResolver',
  56 => 'Symfony\\Component\\HttpKernel\\Controller\\ArgumentResolver\\SessionValueResolver',
  57 => 'Symfony\\Component\\HttpKernel\\Controller\\ArgumentResolver\\TraceableValueResolver',
  58 => 'Symfony\\Component\\HttpKernel\\Controller\\ArgumentResolver\\VariadicValueResolver',
  59 => 'Symfony\\Component\\HttpKernel\\Controller\\ArgumentValueResolverInterface',
  60 => 'Symfony\\Component\\HttpKernel\\Controller\\ContainerControllerResolver',
  61 => 'Symfony\\Component\\HttpKernel\\Controller\\ControllerReference',
  62 => 'Symfony\\Component\\HttpKernel\\Controller\\ControllerResolver',
  63 => 'Symfony\\Component\\HttpKernel\\Controller\\ControllerResolverInterface',
  64 => 'Symfony\\Component\\HttpKernel\\Controller\\ErrorController',
  65 => 'Symfony\\Component\\HttpKernel\\Controller\\TraceableArgumentResolver',
  66 => 'Symfony\\Component\\HttpKernel\\Controller\\TraceableControllerResolver',
  67 => 'Symfony\\Component\\Security\\Http\\Controller\\UserValueResolver',
  68 => 'Twilio\\Rest\\Verify\\V2\\Service\\Entity\\ChallengeContext',
  69 => 'Twilio\\Rest\\Verify\\V2\\Service\\Entity\\ChallengeInstance',
  70 => 'Twilio\\Rest\\Verify\\V2\\Service\\Entity\\ChallengeList',
  71 => 'Twilio\\Rest\\Verify\\V2\\Service\\Entity\\ChallengeOptions',
  72 => 'Twilio\\Rest\\Verify\\V2\\Service\\Entity\\ChallengePage',
  73 => 'Twilio\\Rest\\Verify\\V2\\Service\\Entity\\Challenge\\NotificationInstance',
  74 => 'Twilio\\Rest\\Verify\\V2\\Service\\Entity\\Challenge\\NotificationList',
  75 => 'Twilio\\Rest\\Verify\\V2\\Service\\Entity\\Challenge\\NotificationOptions',
  76 => 'Twilio\\Rest\\Verify\\V2\\Service\\Entity\\Challenge\\NotificationPage',
  77 => 'Twilio\\Rest\\Verify\\V2\\Service\\Entity\\FactorContext',
  78 => 'Twilio\\Rest\\Verify\\V2\\Service\\Entity\\FactorInstance',
  79 => 'Twilio\\Rest\\Verify\\V2\\Service\\Entity\\FactorList',
  80 => 'Twilio\\Rest\\Verify\\V2\\Service\\Entity\\FactorOptions',
  81 => 'Twilio\\Rest\\Verify\\V2\\Service\\Entity\\FactorPage',
  82 => 'Twilio\\Rest\\Verify\\V2\\Service\\Entity\\NewFactorInstance',
  83 => 'Twilio\\Rest\\Verify\\V2\\Service\\Entity\\NewFactorList',
  84 => 'Twilio\\Rest\\Verify\\V2\\Service\\Entity\\NewFactorOptions',
  85 => 'Twilio\\Rest\\Verify\\V2\\Service\\Entity\\NewFactorPage',
);